Usage: spectra-cn.sh <read.meryl> <asm1.fasta> [asm2.fasta] out-prefix
	<read.meryl>	: Generated with meryl count from i.e. illumina wgs reads
	<asm1.fasta>	: haplotype 1 assembly. gzipped or not
	[asm2.fasta]	: haplotype 2 assembly. gzipped or not
	<out-prefix>: output prefix. Required.
		When only <asm1.fasta> is given, results will be generated in haploid mode.
		When <asm2.fasta> is given, results will be generated for each asm1 asm2 haploid assembly and asm1+asm2 diploid assembly.

Detected k-mer size 21

No modules available..
# Get solid k-mers
Generate read.hist

java -jar -Xmx1g /home/gw/miniconda3/envs/hifiAgent/share/merqury/eval/kmerHistToPloidyDepth.jar read.hist

ploidy	depth	boundary
0	0	25
1	59	83
2	126	161

Filter out kmers <= 25

meryl greater-than 25 output read.gt25.meryl read.meryl

=== Generate spectra-cn plots per assemblies and get QV, k-mer completeness ===

# Generate meryl db for baseline.primary

# Collect read counts per asm copies
# Read only
# Copy 1 ~ 4
Copy = 1 ..

Copy = 2 ..

Copy = 3 ..

Copy = 4 ..

Copy >4 ..

# Copy numbers in k-mers found only in asm

# Plot smoke.baseline.primary.spectra-cn.hist
  Rscript /home/gw/miniconda3/envs/hifiAgent/share/merqury/plot/plot_spectra_cn.R -f smoke.baseline.primary.spectra-cn.hist -o smoke.baseline.primary.spectra-cn -z smoke.baseline.primary.only.hist

# QV statistics

# Per seq QV statistics

# k-mer completeness (recoveray rate) with solid k-mers for baseline.primary with > 25 counts

# Generate baseline.primary_only.wig
baseline.primary_only.wig generated.

No asm2_fa given. Done.
# baseline.primary only
# Write output
# Get asm only for spectra-asm
#	Plot smoke.spectra-asm.hist
  Rscript /home/gw/miniconda3/envs/hifiAgent/share/merqury/plot/plot_spectra_cn.R -f smoke.spectra-asm.hist -o smoke.spectra-asm -z smoke.dist_only.hist

# Clean up
Done!
M    27 kS    16 kB   438 MB   439 MB
     3     8  P   881 kB    10 MM    13 kS    32 kB   427 MB   428 MB
     4    16  P   884 kB  5617 kM  6673  S    64 kB   417 MB   417 MB
     5    32  P   913 kB  2808 kM  3250  S   128 kB   406 MB   407 MB
     6    64  P   992 kB  1404 kM  1581  S   256 kB   395 MB   396 MB
     7   128  P  1173 kB   702 kM   769  S   512 kB   384 MB   385 MB
     8   256  P  1556 kB   351 kM   374  S  1024 kB   374 MB   375 MB
     9   512  P  2344 kB   175 kM   182  S  2048 kB   364 MB   366 MB
    10  1024  P  3936 kB    87 kM    88  S  4096 kB   352 MB   355 MB  Best Value!
    11  2048  P  7152 kB    43 kM    43  S  8192 kB   344 MB   350 MB
    12  4096  P    13 MB    21 kM    21  S    16 MB   336 MB   349 MB
    13  8192  P    25 MB    10 kM    10  S    32 MB   320 MB   345 MB
    14    16 kP    51 MB  5618  M     5  S    64 MB   320 MB   371 MB
    15    32 kP   101 MB  2809  M     3  S   128 MB   384 MB   485 MB
    16    64 kP   203 MB  1405  M     2  S   256 MB   512 MB   715 MB
    17   128 kP   405 MB   703  M     1  S   512 MB   512 MB   917 MB
    18   256 kP   810 MB   352  M     1  S  1024 MB  1024 MB  1834 MB
    19   512 kP  1620 MB   176  M     1  S  2048 MB  2048 MB  3668 MB
    20  1024 kP  3240 MB    88  M     1  S  4096 MB  4096 MB  7336 MB
    21  2048 kP  6480 MB    44  M     1  S  8192 MB  8192 MB    14 GB


FINAL CONFIGURATION
-------------------

Estimated to require 708 MB memory out of 128 GB allowed.
Estimated to require 2 batches.

Configured complex mode for 0.692 GB memory per batch, and up to 2 batches.

Start counting with THREADED method.
Used 0.264 GB / 127.500 GB to store      2097130 kmers; need 1.485 GB to sort      1557019 kmers
Used 0.389 GB / 127.500 GB to store     35651189 kmers; need 1.587 GB to sort      1664243 kmers
Used 0.517 GB / 127.500 GB to store     69205269 kmers; need 1.587 GB to sort      1664243 kmers
Used 0.645 GB / 127.500 GB to store    102759286 kmers; need 1.587 GB to sort      1664243 kmers
Used 0.709 GB / 127.500 GB to store    119536284 kmers; need 1.795 GB to sort      1882443 kmers
Used 0.780 GB / 127.500 GB to store    138410412 kmers; need 1.861 GB to sort      1951229 kmers
Used 0.844 GB / 127.500 GB to store    155187032 kmers; need 1.926 GB to sort      2019420 kmers

Input complete.  Writing results to 'baseline.primary.meryl', using 64 threads.
finishIteration()--

Finished counting.

Cleaning up.

Bye.

Found 1 command tree.

PROCESSING TREE #1 using 64 threads.
  opDifference
    read.meryl
    baseline.primary.meryl
    output to read.k21.baseline.primary.0.meryl

Cleaning up.

Bye.

Found 1 command tree.

Found 1 command tree.

PROCESSING TREE #1 using 64 threads.
  opIntersect
    read.meryl
    opEqualTo
      threshold=1
      baseline.primary.meryl
    output to read.k21.baseline.primary.1.meryl

Cleaning up.

Bye.

Found 1 command tree.

Found 1 command tree.

PROCESSING TREE #1 using 64 threads.
  opIntersect
    read.meryl
    opEqualTo
      threshold=2
      baseline.primary.meryl
    output to read.k21.baseline.primary.2.meryl

Cleaning up.

Bye.

Found 1 command tree.

Found 1 command tree.

PROCESSING TREE #1 using 64 threads.
  opIntersect
    read.meryl
    opEqualTo
      threshold=3
      baseline.primary.meryl
    output to read.k21.baseline.primary.3.meryl

Cleaning up.

Bye.

Found 1 command tree.

Found 1 command tree.

PROCESSING TREE #1 using 64 threads.
  opIntersect
    read.meryl
    opEqualTo
      threshold=4
      baseline.primary.meryl
    output to read.k21.baseline.primary.4.meryl

Cleaning up.

Bye.

Found 1 command tree.

Found 1 command tree.

PROCESSING TREE #1 using 64 threads.
  opIntersect
    read.meryl
    opGreaterThan
      threshold=4
      baseline.primary.meryl
    output to read.k21.baseline.primary.gt4.meryl

Cleaning up.

Bye.

Found 1 command tree.

Found 1 command tree.

PROCESSING TREE #1 using 64 threads.
  opDifference
    baseline.primary.meryl
    read.meryl
    output to baseline.primary.0.meryl

Cleaning up.

Bye.

Found 1 command tree.

Found 1 command tree.
Loading required package: argparse
Warning message:
In library(package, lib.loc = lib.loc, character.only = TRUE, logical.return = TRUE,  :
  there is no package called ‘argparse’
Loading required package: ggplot2
Error: package or namespace load failed for ‘ggplot2’ in dyn.load(file, DLLpath = DLLpath, ...):
 unable to load shared object '/usr/local/lib/R/site-library/rlang/libs/rlang.so':
  /usr/local/lib/R/site-library/rlang/libs/rlang.so: undefined symbol: SETLENGTH
Loading required package: scales
Error: package or namespace load failed for ‘scales’ in dyn.load(file, DLLpath = DLLpath, ...):
 unable to load shared object '/usr/local/lib/R/site-library/rlang/libs/rlang.so':
  /usr/local/lib/R/site-library/rlang/libs/rlang.so: undefined symbol: SETLENGTH
Error in ArgumentParser(description = "Make spectra-cn plots. Line, filled, and stacked spectra-cn plots will be generated.") :
  could not find function "ArgumentParser"
Execution halted

Found 1 command tree.

Found 1 command tree.

Estimating memory usage for 'baseline.primary.0.meryl/'.

 p         blocks   ent/blk             bits gigabytes (allowed: 1007 GB)
-- -------------- --------- ---------------- ---------
 6             64         0    2199023303558   256.000  (smallest)
 7            128         0    2199023305845   256.000
 8            256         0    2199023311460   256.000
 9            512         0    2199023323603   256.000
10           1024         0    2199023348546   256.000
-- -------------- --------- ---------------- ---------
             1169 total kmers

For 1169 distinct 21-mers (with 6 bits used for indexing and 36 bits for tags):
    0.000 GB memory for block indices -           64 elements 15 bits wide)
    0.000 GB memory for block lengths -           64 elements  9 bits wide)
    0.000 GB memory for kmer tags     -         1169 elements 36 bits wide)
    0.000 GB memory for kmer values   -         1169 elements  2 bits wide)
  256.000 GB memory for buffers
  256.000 GB memory

Memory required:  256.000 GB
Memory limit:     1007.319 GB

Loading kmers from 'baseline.primary.0.meryl/' into lookup table.

 p         blocks   ent/blk             bits gigabytes (allowed: 1007 GB)
-- -------------- --------- ---------------- ---------
 6             64         0    2199023303558   256.000  (smallest)
 7            128         0    2199023305845   256.000
 8            256         0    2199023311460   256.000
 9            512         0    2199023323603   256.000
10           1024         0    2199023348546   256.000
-- -------------- --------- ---------------- ---------
             1169 total kmers

For 1169 distinct 21-mers (with 6 bits used for indexing and 36 bits for tags):
    0.000 GB memory for block indices -           64 elements 15 bits wide)
    0.000 GB memory for block lengths -           64 elements  9 bits wide)
    0.000 GB memory for kmer tags     -         1169 elements 36 bits wide)
    0.000 GB memory for kmer values   -         1169 elements  2 bits wide)
  256.000 GB memory for buffers
  256.000 GB memory

Counting size of buckets.


Summing bucket sizes.
  block indices are 15 bits wide -- sum lengths 17553 (including 16384 empty pointers)
  block lengths are 7 bits wide -- max length  80

Setting pointers.

Will load 1169 kmers.  Skipping 0 (too low) and 0 (too high) kmers.

Allocating space for 17297 kmers.
  suffixes of  36 bits each ->       622692 bits (  0.000 GB) in blocks of  32.000 MB
  values   of   2 bits each ->        34594 bits (  0.000 GB) in blocks of  32.000 MB

Filling buckets.


Loaded 1169 kmers.  Skipped 0 (too low) and 0 (too high) kmers.

Opening inputs:
  'baseline.primary.fa'

Opening outputs:
  '-'

Bye!  (0 seconds to initialize and 9 seconds to compute)

Found 1 command tree.

PROCESSING TREE #1 using 64 threads.
  opIntersect
    baseline.primary.meryl
    read.gt25.meryl
    output to baseline.primary.solid.meryl

Cleaning up.

Bye.

Found 1 command tree.

Found 1 command tree.

Estimating memory usage for 'baseline.primary.0.meryl'.

 p         blocks   ent/blk             bits gigabytes (allowed: 1007 GB)
-- -------------- --------- ---------------- ---------
 6             64         0    2199023303558   256.000  (smallest)
 7            128         0    2199023305845   256.000
 8            256         0    2199023311460   256.000
 9            512         0    2199023323603   256.000
10           1024         0    2199023348546   256.000
-- -------------- --------- ---------------- ---------
             1169 total kmers

For 1169 distinct 21-mers (with 6 bits used for indexing and 36 bits for tags):
    0.000 GB memory for block indices -           64 elements 15 bits wide)
    0.000 GB memory for block lengths -           64 elements  9 bits wide)
    0.000 GB memory for kmer tags     -         1169 elements 36 bits wide)
    0.000 GB memory for kmer values   -         1169 elements  2 bits wide)
  256.000 GB memory for buffers
  256.000 GB memory

Memory required:  256.000 GB
Memory limit:     1007.319 GB

Loading kmers from 'baseline.primary.0.meryl' into lookup table.

 p         blocks   ent/blk             bits gigabytes (allowed: 1007 GB)
-- -------------- --------- ---------------- ---------
 6             64         0    2199023303558   256.000  (smallest)
 7            128         0    2199023305845   256.000
 8            256         0    2199023311460   256.000
 9            512         0    2199023323603   256.000
10           1024         0    2199023348546   256.000
-- -------------- --------- ---------------- ---------
             1169 total kmers

For 1169 distinct 21-mers (with 6 bits used for indexing and 36 bits for tags):
    0.000 GB memory for block indices -           64 elements 15 bits wide)
    0.000 GB memory for block lengths -           64 elements  9 bits wide)
    0.000 GB memory for kmer tags     -         1169 elements 36 bits wide)
    0.000 GB memory for kmer values   -         1169 elements  2 bits wide)
  256.000 GB memory for buffers
  256.000 GB memory

Counting size of buckets.


Summing bucket sizes.
  block indices are 15 bits wide -- sum lengths 17553 (including 16384 empty pointers)
  block lengths are 7 bits wide -- max length  80

Setting pointers.

Will load 1169 kmers.  Skipping 0 (too low) and 0 (too high) kmers.

Allocating space for 17297 kmers.
  suffixes of  36 bits each ->       622692 bits (  0.000 GB) in blocks of  32.000 MB
  values   of   2 bits each ->        34594 bits (  0.000 GB) in blocks of  32.000 MB

Filling buckets.


Loaded 1169 kmers.  Skipped 0 (too low) and 0 (too high) kmers.

Opening inputs:
  'baseline.primary.fa'

Opening outputs:
  '-'

Bye!  (0 seconds to initialize and 9 seconds to compute)

Estimating memory usage for 'baseline.primary.0.meryl'.

 p         blocks   ent/blk             bits gigabytes (allowed: 1007 GB)
-- -------------- --------- ---------------- ---------
 6             64         0    2199023303558   256.000  (smallest)
 7            128         0    2199023305845   256.000
 8            256         0    2199023311460   256.000
 9            512         0    2199023323603   256.000
10           1024         0    2199023348546   256.000
-- -------------- --------- ---------------- ---------
             1169 total kmers

For 1169 distinct 21-mers (with 6 bits used for indexing and 36 bits for tags):
    0.000 GB memory for block indices -           64 elements 15 bits wide)
    0.000 GB memory for block lengths -           64 elements  9 bits wide)
    0.000 GB memory for kmer tags     -         1169 elements 36 bits wide)
    0.000 GB memory for kmer values   -         1169 elements  2 bits wide)
  256.000 GB memory for buffers
  256.000 GB memory

Memory required:  256.000 GB
Memory limit:     1007.319 GB

Loading kmers from 'baseline.primary.0.meryl' into lookup table.

 p         blocks   ent/blk             bits gigabytes (allowed: 1007 GB)
-- -------------- --------- ---------------- ---------
 6             64         0    2199023303558   256.000  (smallest)
 7            128         0    2199023305845   256.000
 8            256         0    2199023311460   256.000
 9            512         0    2199023323603   256.000
10           1024         0    2199023348546   256.000
-- -------------- --------- ---------------- ---------
             1169 total kmers

For 1169 distinct 21-mers (with 6 bits used for indexing and 36 bits for tags):
    0.000 GB memory for block indices -           64 elements 15 bits wide)
    0.000 GB memory for block lengths -           64 elements  9 bits wide)
    0.000 GB memory for kmer tags     -         1169 elements 36 bits wide)
    0.000 GB memory for kmer values   -         1169 elements  2 bits wide)
  256.000 GB memory for buffers
  256.000 GB memory

Counting size of buckets.


Summing bucket sizes.
  block indices are 15 bits wide -- sum lengths 17553 (including 16384 empty pointers)
  block lengths are 7 bits wide -- max length  80

Setting pointers.

Will load 1169 kmers.  Skipping 0 (too low) and 0 (too high) kmers.

Allocating space for 17297 kmers.
  suffixes of  36 bits each ->       622692 bits (  0.000 GB) in blocks of  32.000 MB
  values   of   2 bits each ->        34594 bits (  0.000 GB) in blocks of  32.000 MB

Filling buckets.


Loaded 1169 kmers.  Skipped 0 (too low) and 0 (too high) kmers.

Opening inputs:
  'baseline.primary.fa'

Opening outputs:
  '-'

Bye!  (0 seconds to initialize and 9 seconds to compute)

Found 1 command tree.

PROCESSING TREE #1 using 64 threads.
  opIntersect
    read.meryl
    baseline.primary.meryl
    output to read.k21.baseline.primary.meryl

Cleaning up.

Bye.

Found 1 command tree.

Found 1 command tree.

Found 1 command tree.
Loading required package: argparse
Warning message:
In library(package, lib.loc = lib.loc, character.only = TRUE, logical.return = TRUE,  :
  there is no package called ‘argparse’
Loading required package: ggplot2
Error: package or namespace load failed for ‘ggplot2’ in dyn.load(file, DLLpath = DLLpath, ...):
 unable to load shared object '/usr/local/lib/R/site-library/rlang/libs/rlang.so':
  /usr/local/lib/R/site-library/rlang/libs/rlang.so: undefined symbol: SETLENGTH
Loading required package: scales
Error: package or namespace load failed for ‘scales’ in dyn.load(file, DLLpath = DLLpath, ...):
 unable to load shared object '/usr/local/lib/R/site-library/rlang/libs/rlang.so':
  /usr/local/lib/R/site-library/rlang/libs/rlang.so: undefined symbol: SETLENGTH
Error in ArgumentParser(description = "Make spectra-cn plots. Line, filled, and stacked spectra-cn plots will be generated.") :
  could not find function "ArgumentParser"
Execution halted
